../Drivers/CMSIS/Include/core_cm4.h:1657:22:__NVIC_SetPriorityGrouping	1
../Drivers/STM32F4xx_HAL_Driver/Inc/stm32f4xx_ll_rcc.h:2987:22:LL_RCC_HSI_Enable	1
../Drivers/STM32F4xx_HAL_Driver/Inc/stm32f4xx_ll_rcc.h:3007:26:LL_RCC_HSI_IsReady	1
../Drivers/STM32F4xx_HAL_Driver/Inc/stm32f4xx_ll_rcc.h:3033:22:LL_RCC_HSI_SetCalibTrimming	1
../Drivers/STM32F4xx_HAL_Driver/Inc/stm32f4xx_ll_rcc.h:3188:22:LL_RCC_SetSysClkSource	1
../Drivers/STM32F4xx_HAL_Driver/Inc/stm32f4xx_ll_rcc.h:3204:26:LL_RCC_GetSysClkSource	1
../Drivers/STM32F4xx_HAL_Driver/Inc/stm32f4xx_ll_rcc.h:3224:22:LL_RCC_SetAHBPrescaler	1
../Drivers/STM32F4xx_HAL_Driver/Inc/stm32f4xx_ll_rcc.h:3240:22:LL_RCC_SetAPB1Prescaler	1
../Drivers/STM32F4xx_HAL_Driver/Inc/stm32f4xx_ll_rcc.h:3256:22:LL_RCC_SetAPB2Prescaler	1
../Drivers/STM32F4xx_HAL_Driver/Inc/stm32f4xx_ll_rcc.h:4153:22:LL_RCC_SetTIMPrescaler	1
../Drivers/STM32F4xx_HAL_Driver/Inc/stm32f4xx_ll_rcc.h:4184:22:LL_RCC_PLL_Enable	1
../Drivers/STM32F4xx_HAL_Driver/Inc/stm32f4xx_ll_rcc.h:4205:26:LL_RCC_PLL_IsReady	1
../Drivers/STM32F4xx_HAL_Driver/Inc/stm32f4xx_ll_rcc.h:4304:22:LL_RCC_PLL_ConfigDomain_SYS	1
../Drivers/STM32F4xx_HAL_Driver/Inc/stm32f4xx_ll_bus.h:409:22:LL_AHB1_GRP1_EnableClock	1
../Drivers/STM32F4xx_HAL_Driver/Inc/stm32f4xx_ll_bus.h:1185:22:LL_APB1_GRP1_EnableClock	1
../Drivers/STM32F4xx_HAL_Driver/Inc/stm32f4xx_ll_bus.h:1704:22:LL_APB2_GRP1_EnableClock	1
../Drivers/STM32F4xx_HAL_Driver/Inc/stm32f4xx_ll_system.h:671:22:LL_SYSCFG_SetEXTISource	1
../Drivers/STM32F4xx_HAL_Driver/Inc/stm32f4xx_ll_system.h:1543:22:LL_FLASH_SetLatency	1
../Drivers/STM32F4xx_HAL_Driver/Inc/stm32f4xx_ll_system.h:1569:26:LL_FLASH_GetLatency	1
../Drivers/STM32F4xx_HAL_Driver/Inc/stm32f4xx_ll_pwr.h:353:22:LL_PWR_DisableOverDriveMode	1
../Drivers/STM32F4xx_HAL_Driver/Inc/stm32f4xx_ll_pwr.h:505:22:LL_PWR_SetRegulVoltageScaling	1
../Drivers/STM32F4xx_HAL_Driver/Inc/stm32f4xx_ll_pwr.h:883:26:LL_PWR_IsActiveFlag_VOS	1
../Drivers/STM32F4xx_HAL_Driver/Inc/stm32f4xx_ll_tim.h:1315:22:LL_TIM_DisableARRPreload	1
../Drivers/STM32F4xx_HAL_Driver/Inc/stm32f4xx_ll_tim.h:1922:22:LL_TIM_OC_DisableFast	7
../Drivers/STM32F4xx_HAL_Driver/Inc/stm32f4xx_ll_tim.h:1966:22:LL_TIM_OC_EnablePreload	7
../Drivers/STM32F4xx_HAL_Driver/Inc/stm32f4xx_ll_tim.h:2691:22:LL_TIM_SetClockSource	1
../Drivers/STM32F4xx_HAL_Driver/Inc/stm32f4xx_ll_tim.h:2737:22:LL_TIM_SetTriggerOutput	1
../Drivers/STM32F4xx_HAL_Driver/Inc/stm32f4xx_ll_tim.h:2803:22:LL_TIM_DisableMasterSlaveMode	1
../Drivers/STM32F4xx_HAL_Driver/Inc/stm32f4xx_ll_usart.h:410:22:LL_USART_Enable	1
../Drivers/STM32F4xx_HAL_Driver/Inc/stm32f4xx_ll_usart.h:1479:22:LL_USART_ConfigAsyncMode	1
../Drivers/STM32F4xx_HAL_Driver/Inc/stm32f4xx_ll_usart.h:1814:26:LL_USART_IsActiveFlag_TXE	1
../Drivers/STM32F4xx_HAL_Driver/Inc/stm32f4xx_ll_usart.h:2426:22:LL_USART_TransmitData8	1
../Drivers/STM32F4xx_HAL_Driver/Inc/stm32f4xx_ll_gpio.h:273:22:LL_GPIO_SetPinMode	1
../Drivers/STM32F4xx_HAL_Driver/Inc/stm32f4xx_ll_gpio.h:484:22:LL_GPIO_SetPinPull	1
../Drivers/STM32F4xx_HAL_Driver/Inc/stm32f4xx_ll_gpio.h:910:22:LL_GPIO_ResetOutputPin	1
../Core/Src/main.c:73:5:main	1
../Core/Src/main.c:125:6:SystemClock_Config	6
../Core/Src/main.c:172:13:MX_TIM3_Init	1
../Core/Src/main.c:229:13:MX_USART2_UART_Init	1
../Core/Src/main.c:280:13:MX_GPIO_Init	1
../Core/Src/main.c:330:1:__io_putchar	2
../Core/Src/main.c:342:6:Error_Handler	1
